******************************************************************************
                  TI ARM Linker PC v20.2.7                     
******************************************************************************
>> Linked Thu Feb  8 15:27:53 2024

OUTPUT FILE NAME:   <Final_Project_Esraa_Khaled.out>
ENTRY POINT SYMBOL: "_c_int00_noargs"  address: 000011a1


MEMORY CONFIGURATION

         name            origin    length      used     unused   attr    fill
----------------------  --------  ---------  --------  --------  ----  --------
  FLASH                 00000000   00040000  000013b2  0003ec4e  R  X
  SRAM                  20000000   00008000  00000216  00007dea  RW X


SEGMENT ALLOCATION MAP

run origin  load origin   length   init length attrs members
----------  ----------- ---------- ----------- ----- -------
00000000    00000000    000013b8   000013b8    r-x
  00000000    00000000    0000026c   0000026c    r-- .intvecs
  0000026c    0000026c    00000fca   00000fca    r-x .text
  00001236    00001236    0000015c   0000015c    r-- .const
  00001398    00001398    00000020   00000020    r-- .cinit
20000000    20000000    00000216   00000000    rw-
  20000000    20000000    00000200   00000000    rw- .stack
  20000200    20000200    00000016   00000000    rw- .data


SECTION ALLOCATION MAP

 output                                  attributes/
section   page    origin      length       input sections
--------  ----  ----------  ----------   ----------------
.intvecs   0    00000000    0000026c     
                  00000000    0000026c     tm4c123gh6pm_startup_ccs.obj (.intvecs)

.text      0    0000026c    00000fca     
                  0000026c    000008a4     Port.obj (.text)
                  00000b10    0000030c     Dio.obj (.text)
                  00000e1c    000000a8     OS.obj (.text)
                  00000ec4    0000009c     rtsv7M4_T_le_v4SPD16_eabi.lib : memcpy_t2.asm.obj (.text)
                  00000f60    0000007c     Button.obj (.text)
                  00000fdc    0000007c     Gpt.obj (.text)
                  00001058    00000068     rtsv7M4_T_le_v4SPD16_eabi.lib : copy_decompress_lzss.c.obj (.text:decompress:lzss:__TI_decompress_lzss)
                  000010c0    0000005c     App.obj (.text)
                  0000111c    00000044     rtsv7M4_T_le_v4SPD16_eabi.lib : autoinit.c.obj (.text:__TI_auto_init_nobinit_nopinit:__TI_auto_init_nobinit_nopinit)
                  00001160    0000003e     Led.obj (.text)
                  0000119e    00000002     --HOLE-- [fill = 0]
                  000011a0    00000034     rtsv7M4_T_le_v4SPD16_eabi.lib : boot_cortex_m.c.obj (.text:_c_int00_noargs:_c_int00_noargs)
                  000011d4    00000020     MCU.obj (.text)
                  000011f4    00000016     Det.obj (.text)
                  0000120a    0000000e     rtsv7M4_T_le_v4SPD16_eabi.lib : copy_decompress_none.c.obj (.text:decompress:none:__TI_decompress_none)
                  00001218    0000000c     tm4c123gh6pm_startup_ccs.obj (.text)
                  00001224    0000000a     main.obj (.text)
                  0000122e    00000004     rtsv7M4_T_le_v4SPD16_eabi.lib : pre_init.c.obj (.text:_system_pre_init)
                  00001232    00000004                                   : exit.c.obj (.text:abort:abort)

.const     0    00001236    0000015c     
                  00001236    00000158     Port_PBcfg.obj (.const:Port_Configuration)
                  0000138e    00000004     Dio_PBcfg.obj (.const:Dio_Configuration)

.cinit     0    00001398    00000020     
                  00001398    0000000e     (.cinit..data.load) [load image, compression = lzss]
                  000013a6    00000002     --HOLE-- [fill = 0]
                  000013a8    00000008     (__TI_handler_table)
                  000013b0    00000008     (__TI_cinit_table)

.init_array 
*          0    00000000    00000000     UNINITIALIZED

.data      0    20000200    00000016     UNINITIALIZED
                  20000200    00000005     Dio.obj (.data)
                  20000205    00000003     Button.obj (.data)
                  20000208    00000005     Port.obj (.data)
                  2000020d    00000002     App.obj (.data)
                  2000020f    00000001     --HOLE--
                  20000210    00000004     Gpt.obj (.data)
                  20000214    00000002     OS.obj (.data)

.stack     0    20000000    00000200     UNINITIALIZED
                  20000000    00000004     rtsv7M4_T_le_v4SPD16_eabi.lib : boot_cortex_m.c.obj (.stack)
                  20000004    000001fc     --HOLE--

__llvm_prf_cnts 
*          0    20000000    00000000     UNINITIALIZED

MODULE SUMMARY

       Module                         code   ro data   rw data
       ------                         ----   -------   -------
    .\
       Port.obj                       2212   0         5      
       Dio.obj                        780    0         5      
       tm4c123gh6pm_startup_ccs.obj   12     620       0      
       Port_PBcfg.obj                 0      344       0      
       OS.obj                         168    0         2      
       Gpt.obj                        124    0         4      
       Button.obj                     124    0         3      
       App.obj                        92     0         2      
       Led.obj                        62     0         0      
       MCU.obj                        32     0         0      
       Det.obj                        22     0         0      
       main.obj                       10     0         0      
       Dio_PBcfg.obj                  0      4         0      
    +--+------------------------------+------+---------+---------+
       Total:                         3638   968       21     
                                                              
    D:\Applications\Code Composer Tiva C\ccs\tools\compiler\ti-cgt-arm_20.2.7.LTS\lib\rtsv7M4_T_le_v4SPD16_eabi.lib
       memcpy_t2.asm.obj              156    0         0      
       copy_decompress_lzss.c.obj     104    0         0      
       autoinit.c.obj                 68     0         0      
       boot_cortex_m.c.obj            52     0         0      
       copy_decompress_none.c.obj     14     0         0      
       exit.c.obj                     4      0         0      
       pre_init.c.obj                 4      0         0      
    +--+------------------------------+------+---------+---------+
       Total:                         402    0         0      
                                                              
       Stack:                         0      0         512    
       Linker Generated:              0      30        0      
    +--+------------------------------+------+---------+---------+
       Grand Total:                   4040   998       533    


LINKER GENERATED COPY TABLES

__TI_cinit_table @ 000013b0 records: 1, size/record: 8, table size: 8
	.data: load addr=00001398, load size=0000000e bytes, run addr=20000200, run size=00000016 bytes, compression=lzss


LINKER GENERATED HANDLER TABLE

__TI_handler_table @ 000013a8 records: 2, size/record: 4, table size: 8
	index: 0, handler: __TI_decompress_lzss
	index: 1, handler: __TI_decompress_none


GLOBAL SYMBOLS: SORTED ALPHABETICALLY BY Name 

address   name                          
-------   ----                          
000010e5  App_Task                      
00000f61  Button_GetState               
00000f67  Button_RefreshState           
000010d5  Button_Task                   
00001233  C$$EXIT                       
000011f5  Det_ReportError               
0000138e  Dio_Configuration             
00000cef  Dio_FlipChannel               
00000b11  Dio_Init                      
00000c15  Dio_ReadChannel               
00000b35  Dio_WriteChannel              
000010c1  Init_Task                     
00001179  Led_RefreshOutput             
0000116d  Led_SetOff                    
00001161  Led_SetOn                     
000010dd  Led_Task                      
00001191  Led_Toggle                    
000011d5  Mcu_Init                      
00000e37  Os_NewTimerTick               
00000e47  Os_Scheduler                  
00000e1d  Os_start                      
00001236  Port_Configuration            
000008dd  Port_GetVersionInfo           
0000026d  Port_Init                     
000007c3  Port_RefreshPortDirection     
000006b7  Port_SetPinDirection          
00000929  Port_SetPinMode               
00001219  ResetISR                      
00000fdd  SysTick_Handler               
00001035  SysTick_SetCallBack           
00000fed  SysTick_Start                 
0000102d  SysTick_Stop                  
20000200  __STACK_END                   
00000200  __STACK_SIZE                  
20000200  __STACK_TOP                   
000013b0  __TI_CINIT_Base               
000013b8  __TI_CINIT_Limit              
000013a8  __TI_Handler_Table_Base       
000013b0  __TI_Handler_Table_Limit      
0000111d  __TI_auto_init_nobinit_nopinit
00001059  __TI_decompress_lzss          
0000120b  __TI_decompress_none          
ffffffff  __TI_pprof_out_hndl           
ffffffff  __TI_prof_data_size           
ffffffff  __TI_prof_data_start          
00000000  __TI_static_base__            
00000ec5  __aeabi_memcpy                
00000ec5  __aeabi_memcpy4               
00000ec5  __aeabi_memcpy8               
ffffffff  __binit__                     
ffffffff  __c_args__                    
UNDEFED   __mpu_init                    
20000000  __stack                       
20000000  __start___llvm_prf_cnts       
20000000  __stop___llvm_prf_cnts        
000011a1  _c_int00_noargs               
UNDEFED   _system_post_cinit            
0000122f  _system_pre_init              
00001233  abort                         
ffffffff  binit                         
00000000  g_pfnVectors                  
00001225  main                          
00000ec5  memcpy                        


GLOBAL SYMBOLS: SORTED BY Symbol Address 

address   name                          
-------   ----                          
00000000  __TI_static_base__            
00000000  g_pfnVectors                  
00000200  __STACK_SIZE                  
0000026d  Port_Init                     
000006b7  Port_SetPinDirection          
000007c3  Port_RefreshPortDirection     
000008dd  Port_GetVersionInfo           
00000929  Port_SetPinMode               
00000b11  Dio_Init                      
00000b35  Dio_WriteChannel              
00000c15  Dio_ReadChannel               
00000cef  Dio_FlipChannel               
00000e1d  Os_start                      
00000e37  Os_NewTimerTick               
00000e47  Os_Scheduler                  
00000ec5  __aeabi_memcpy                
00000ec5  __aeabi_memcpy4               
00000ec5  __aeabi_memcpy8               
00000ec5  memcpy                        
00000f61  Button_GetState               
00000f67  Button_RefreshState           
00000fdd  SysTick_Handler               
00000fed  SysTick_Start                 
0000102d  SysTick_Stop                  
00001035  SysTick_SetCallBack           
00001059  __TI_decompress_lzss          
000010c1  Init_Task                     
000010d5  Button_Task                   
000010dd  Led_Task                      
000010e5  App_Task                      
0000111d  __TI_auto_init_nobinit_nopinit
00001161  Led_SetOn                     
0000116d  Led_SetOff                    
00001179  Led_RefreshOutput             
00001191  Led_Toggle                    
000011a1  _c_int00_noargs               
000011d5  Mcu_Init                      
000011f5  Det_ReportError               
0000120b  __TI_decompress_none          
00001219  ResetISR                      
00001225  main                          
0000122f  _system_pre_init              
00001233  C$$EXIT                       
00001233  abort                         
00001236  Port_Configuration            
0000138e  Dio_Configuration             
000013a8  __TI_Handler_Table_Base       
000013b0  __TI_CINIT_Base               
000013b0  __TI_Handler_Table_Limit      
000013b8  __TI_CINIT_Limit              
20000000  __stack                       
20000000  __start___llvm_prf_cnts       
20000000  __stop___llvm_prf_cnts        
20000200  __STACK_END                   
20000200  __STACK_TOP                   
ffffffff  __TI_pprof_out_hndl           
ffffffff  __TI_prof_data_size           
ffffffff  __TI_prof_data_start          
ffffffff  __binit__                     
ffffffff  __c_args__                    
ffffffff  binit                         
UNDEFED   __mpu_init                    
UNDEFED   _system_post_cinit            

[63 symbols]
